python : 2026-01-05 14:25:32,495 - INFO 
- Rate cards loaded from DB and cached 
(15 carriers)
At line:1 char:1
+ python test_pricing.py > 
test_output.txt 2>&1
+ ~~~~~~~~~~~~~~~~~~~~~~~~~~~~~~~~~~~~~~
~~~~~~~
    + CategoryInfo          : NotSpecif 
   ied: (2026-01-05 14:2...d (15 carri  
  ers):String) [], RemoteException
    + FullyQualifiedErrorId : NativeCom 
   mandError
 
Traceback (most recent call last):
  File "C:\Users\ADMIN\OneDrive\Desktop\
Courier_Module\test_pricing.py", line 
141, in <module>
    run_tests()
    ~~~~~~~~~^^
  File "C:\Users\ADMIN\OneDrive\Desktop\
Courier_Module\test_pricing.py", line 
61, in run_tests
    print("\n\n\U0001f9ea TEST 1: 
Standard Zonal - Shadowfax Surface")
    ~~~~~^^^^^^^^^^^^^^^^^^^^^^^^^^^^^^^
^^^^^^^^^^^^^^^^^^^^^^
  File "C:\Users\ADMIN\AppData\Local\Pro
grams\Python\Python313\Lib\encodings\mbc
s.py", line 25, in encode
    return mbcs_encode(input, 
self.errors)[0]
           
~~~~~~~~~~~^^^^^^^^^^^^^^^^^^^^
UnicodeEncodeError: 'mbcs' codec can't 
encode character '\U0001f9ea' in 
position 4: invalid character

============================================================
PRICING ENGINE VALIDATION TESTS
============================================================
